
=== M2.9.6 measurements, in counts and depths (1000 shots per point) ===
   d        p     T tree_max  form/sh nest_max memb_max    xnest    xmemb  solve_d   harv_d   events   share
   5   0.0010  0.75        2     0.02        1        3        1        3      0.6      1.3      0.9   0.678
   5   0.0010  1.00        2     0.02        1        3        0        0      0.7      1.3      0.9   0.666
   5   0.0010  1.50        1     0.02        1        3        0        0      0.7      1.3      0.9   0.666
   5   0.0010  2.00        0     0.02        1        3        0        0      0.7      1.3      0.9   0.666
   5   0.0030  0.75        4     0.07        2        5        2        5      1.3      2.2      2.7   0.629
   5   0.0030  1.00        2     0.08        2        5        2        5      1.4      2.3      2.9   0.624
   5   0.0030  1.50        1     0.08        2        5        0        0      1.4      2.3      3.0   0.622
   5   0.0030  2.00        0     0.08        2        5        0        0      1.4      2.3      3.0   0.622
   5   0.0050  0.75        4     0.10        3       11        3       11      1.6      2.9      4.4   0.645
   5   0.0050  1.00        4     0.12        3       11        2        5      1.8      3.0      4.9   0.629
   5   0.0050  1.50        2     0.12        3       11        0        0      1.8      3.1      5.0   0.626
   5   0.0050  2.00        0     0.12        3       11        0        0      1.8      3.1      5.0   0.625
   7   0.0010  0.75        4     0.03        2        5        2        5      1.0      2.1      2.4   0.674
   7   0.0010  1.00        3     0.03        2        5        1        3      1.1      2.2      2.6   0.674
   7   0.0010  1.50        1     0.03        1        3        0        0      1.1      2.2      2.6   0.673
   7   0.0010  2.00        0     0.03        1        3        0        0      1.1      2.2      2.6   0.673
   7   0.0030  0.75        5     0.17        3        9        2        7      1.9      4.0      7.8   0.682
   7   0.0030  1.00        3     0.19        3        9        3        7      2.0      4.1      8.4   0.668
   7   0.0030  1.50        2     0.20        3        9        1        3      2.1      4.1      8.5   0.664
   7   0.0030  2.00        0     0.20        3        9        0        0      2.1      4.1      8.5   0.664
   7   0.0050  0.75        6     0.31        3        9        3        9      2.5      4.8     13.1   0.653
   7   0.0050  1.00        5     0.38        4        9        3        9      2.9      4.9     14.4   0.631
   7   0.0050  1.50        4     0.47        5       13        3        9      3.0      4.9     14.7   0.620
   7   0.0050  2.00        2     0.48        5       13        3       11      3.0      4.9     14.8   0.619
   9   0.0010  0.75        4     0.07        2        7        2        7      1.3      3.4      5.4   0.721
   9   0.0010  1.00        2     0.07        2        7        1        3      1.4      3.6      5.9   0.714
   9   0.0010  1.50        2     0.07        2        7        0        0      1.4      3.6      5.9   0.713
   9   0.0010  2.00        0     0.07        2        7        0        0      1.4      3.6      5.9   0.713
   9   0.0030  0.75        6     0.26        2        7        2        7      2.4      5.3     16.9   0.692
   9   0.0030  1.00        4     0.31        3        9        3        9      2.6      5.4     18.2   0.673
   9   0.0030  1.50        4     0.35        5       11        2        7      2.7      5.4     18.5   0.666
   9   0.0030  2.00        1     0.35        5       11        3        7      2.7      5.4     18.5   0.665
   9   0.0050  0.75        8     0.65        3       13        3       13      3.3      6.0     29.0   0.648
   9   0.0050  1.00        7     0.83        5       17        4       17      3.7      6.1     31.7   0.624
   9   0.0050  1.50        8     0.95        5       25        4       13      3.8      6.1     32.4   0.612
   9   0.0050  2.00        3     0.97        6       25        6       13      3.9      6.1     32.5   0.610
  11   0.0010  0.75        5     0.06        2        5        2        5      1.5      4.6     10.1   0.758
  11   0.0010  1.00        3     0.07        2        5        2        5      1.6      4.7     10.7   0.749
  11   0.0010  1.50        3     0.07        2        5        2        5      1.6      4.7     10.8   0.747
  11   0.0010  2.00        0     0.07        2        5        0        0      1.6      4.7     10.8   0.747
  11   0.0030  0.75        6     0.49        3        7        3        7      2.9      6.2     31.5   0.678
  11   0.0030  1.00        4     0.58        3        7        3        7      3.3      6.3     33.9   0.659
  11   0.0030  1.50        4     0.66        4       13        4       11      3.4      6.3     34.3   0.652
  11   0.0030  2.00        1     0.67        5       13        4        9      3.4      6.3     34.4   0.650
  11   0.0050  0.75        7     1.28        4       11        4       11      3.9      7.0     54.2   0.641
  11   0.0050  1.00        8     1.66        5       13        5       13      4.5      7.0     59.1   0.610
  11   0.0050  1.50        7     1.96        8       19        8       19      4.7      7.0     60.5   0.597
  11   0.0050  2.00        4     2.01        9       21        5       11      4.8      7.0     60.7   0.595
  13   0.0010  0.75        3     0.09        2        5        2        5      1.7      5.5     17.2   0.765
  13   0.0010  1.00        3     0.10        2        5        1        3      1.8      5.5     18.1   0.753
  13   0.0010  1.50        1     0.11        2        5        1        3      1.8      5.5     18.2   0.750
  13   0.0010  2.00        0     0.11        2        5        0        0      1.8      5.5     18.2   0.750
  13   0.0030  0.75        5     0.79        3        9        3        9      3.4      7.0     52.9   0.675
  13   0.0030  1.00        8     0.92        4       11        4        9      3.7      7.0     56.4   0.656
  13   0.0030  1.50        4     1.00        4       11        3        9      3.8      7.0     57.0   0.650
  13   0.0030  2.00        3     1.01        4       11        2        5      3.8      7.0     57.1   0.649
  13   0.0050  0.75        6     1.86        3        9        3        9      4.3      7.9     90.0   0.649
  13   0.0050  1.00        7     2.48        5       11        4       11      4.8      7.9     97.7   0.622
  13   0.0050  1.50        7     2.94        6       15        6       15      5.1      7.9    100.0   0.607
  13   0.0050  2.00        6     3.06        8       23        8       23      5.2      7.9    100.4   0.603

=== M2.9.6 A/B: M1.3's enumeration vs §M2.9.1's, same process, same shots ===
   d        p     T harv_m1_ns harv_new_ns    ratio   frac_m1  frac_new enumerate   descent   shatter
   5   0.0010  0.75        179        220     0.81     0.228     0.180     0.125     0.103     0.123
   5   0.0010  1.00        168        123     1.36     0.187     0.146     0.117     0.084     0.138
   5   0.0010  1.50        169        124     1.36     0.153     0.118     0.116     0.083     0.140
   5   0.0010  2.00        168        122     1.37     0.131     0.102     0.112     0.082     0.141
   5   0.0030  0.75        405        235     1.72     0.226     0.142     0.170     0.126     0.181
   5   0.0030  1.00        356        196     1.81     0.167     0.102     0.156     0.079     0.220
   5   0.0030  1.50        363        192     1.89     0.127     0.072     0.154     0.068     0.229
   5   0.0030  2.00        360        204     1.76     0.101     0.061     0.150     0.066     0.236
   5   0.0050  0.75        741        331     2.24     0.224     0.133     0.197     0.145     0.215
   5   0.0050  1.00        540        264     2.05     0.160     0.086     0.184     0.075     0.277
   5   0.0050  1.50        518        259     2.00     0.106     0.058     0.181     0.057     0.287
   5   0.0050  2.00        539        257     2.10     0.087     0.044     0.177     0.057     0.294
   7   0.0010  0.75        382        231     1.65     0.237     0.158     0.160     0.112     0.181
   7   0.0010  1.00        338        190     1.78     0.173     0.105     0.153     0.074     0.217
   7   0.0010  1.50        337        187     1.81     0.120     0.070     0.159     0.070     0.218
   7   0.0010  2.00        350        190     1.84     0.088     0.049     0.145     0.068     0.227
   7   0.0030  0.75       1146        576     1.99     0.242     0.138     0.218     0.142     0.296
   7   0.0030  1.00       1004        455     2.21     0.169     0.087     0.203     0.065     0.391
   7   0.0030  1.50        986        442     2.23     0.107     0.051     0.198     0.043     0.419
   7   0.0030  2.00        998        452     2.21     0.073     0.035     0.191     0.040     0.426
   7   0.0050  0.75       1821        928     1.96     0.231     0.136     0.236     0.157     0.350
   7   0.0050  1.00       1591        742     2.14     0.161     0.082     0.219     0.067     0.468
   7   0.0050  1.50       1624        715     2.27     0.101     0.048     0.211     0.037     0.517
   7   0.0050  2.00       1724        749     2.30     0.070     0.032     0.205     0.029     0.528
   9   0.0010  0.75        819        407     2.01     0.255     0.146     0.186     0.126     0.264
   9   0.0010  1.00        699        320     2.18     0.175     0.091     0.173     0.058     0.326
   9   0.0010  1.50        730        316     2.31     0.118     0.055     0.208     0.051     0.335
   9   0.0010  2.00        753        337     2.23     0.080     0.038     0.176     0.049     0.356
   9   0.0030  0.75       2432       1160     2.10     0.254     0.140     0.233     0.138     0.402
   9   0.0030  1.00       2193        990     2.21     0.179     0.089     0.221     0.054     0.518
   9   0.0030  1.50       2204        949     2.32     0.110     0.051     0.216     0.031     0.562
   9   0.0030  2.00       2199        948     2.32     0.070     0.031     0.212     0.023     0.572
   9   0.0050  0.75       4175       1979     2.11     0.248     0.136     0.254     0.173     0.413
   9   0.0050  1.00       3617       1663     2.18     0.165     0.084     0.240     0.067     0.548
   9   0.0050  1.50       3602       1565     2.30     0.096     0.044     0.231     0.024     0.619
   9   0.0050  2.00       3827       1598     2.39     0.063     0.027     0.229     0.025     0.621
  11   0.0010  0.75       1548        699     2.21     0.272     0.145     0.200     0.106     0.380
  11   0.0010  1.00       1329        581     2.29     0.191     0.093     0.189     0.042     0.477
  11   0.0010  1.50       1345        571     2.36     0.122     0.056     0.193     0.037     0.493
  11   0.0010  2.00       1369        592     2.31     0.073     0.034     0.179     0.031     0.526
  11   0.0030  0.75       4624       2133     2.17     0.259     0.140     0.246     0.146     0.461
  11   0.0030  1.00       4165       1835     2.27     0.181     0.085     0.236     0.047     0.580
  11   0.0030  1.50       4301       1787     2.41     0.110     0.049     0.231     0.022     0.633
  11   0.0030  2.00       4565       1812     2.52     0.069     0.029     0.227     0.014     0.645
  11   0.0050  0.75       7853       3703     2.12     0.247     0.134     0.265     0.170     0.457
  11   0.0050  1.00       7227       3198     2.26     0.171     0.084     0.251     0.066     0.588
  11   0.0050  1.50       7276       3059     2.38     0.097     0.043     0.250     0.021     0.654
  11   0.0050  2.00       7725       3052     2.53     0.061     0.025     0.241     0.011     0.673
  13   0.0010  0.75       2486       1139     2.18     0.265     0.141     0.218     0.102     0.452
  13   0.0010  1.00       2311       1013     2.28     0.193     0.095     0.203     0.034     0.557
  13   0.0010  1.50       2417        981     2.46     0.122     0.054     0.213     0.025     0.578
  13   0.0010  2.00       2527       1011     2.50     0.077     0.033     0.221     0.030     0.566
  13   0.0030  0.75       8107       3549     2.28     0.253     0.134     0.251     0.131     0.509
  13   0.0030  1.00       7276       3184     2.29     0.178     0.086     0.238     0.042     0.631
  13   0.0030  1.50       8072       3310     2.44     0.107     0.047     0.239     0.018     0.669
  13   0.0030  2.00       8332       3378     2.47     0.068     0.028     0.236     0.009     0.683
  13   0.0050  0.75      15288       6730     2.27     0.251     0.125     0.263     0.163     0.488
  13   0.0050  1.00      12893       5831     2.21     0.168     0.079     0.251     0.061     0.622
  13   0.0050  1.50      13722       5558     2.47     0.097     0.042     0.229     0.028     0.696
  13   0.0050  2.00      13890       5752     2.41     0.058     0.026     0.217     0.007     0.735

=== M2.9.5 E1/E2: does the committed obs / weight depend on the split point? ===
   d        p     T    matches   e1_moved    e1_rate   interior   e2_moved cyc_obs!=0   max_nest
   5   0.0010  0.75          1          0    0.00000          0          0      0/1             1
   5   0.0010  1.00          1          0    0.00000          0          0      0/1             1
   5   0.0010  1.50          1          0    0.00000          0          0      0/1             1
   5   0.0010  2.00          1          0    0.00000          0          0      0/1             1
   5   0.0030  0.75         12          0    0.00000          0          0      0/12            1
   5   0.0030  1.00         16          0    0.00000          0          0      0/17            2
   5   0.0030  1.50         19          0    0.00000          0          0      0/21            2
   5   0.0030  2.00         19          0    0.00000          0          0      0/21            2
   5   0.0050  0.75         20          1    0.05000          1          0      0/23            2
   5   0.0050  1.00         37          1    0.02703          1          0      0/40            2
   5   0.0050  1.50         43          1    0.02326          1          0      0/47            2
   5   0.0050  2.00         43          1    0.02326          1          0      0/47            2
   7   0.0010  0.75          1          0    0.00000          0          0      0/1             1
   7   0.0010  1.00          2          0    0.00000          0          0      0/2             1
   7   0.0010  1.50          3          0    0.00000          0          0      0/3             1
   7   0.0010  2.00          3          0    0.00000          0          0      0/3             1
   7   0.0030  0.75         29          0    0.00000          0          0      0/35            3
   7   0.0030  1.00         47          0    0.00000          1          0      0/56            3
   7   0.0030  1.50         55          0    0.00000          1          0      0/65            3
   7   0.0030  2.00         56          0    0.00000          1          0      0/67            3
   7   0.0050  0.75         65          2    0.03077          1          0      0/68            2
   7   0.0050  1.00        129          1    0.00775          0          0      0/145           4
   7   0.0050  1.50        177          2    0.01130          0          0      0/218           5
   7   0.0050  2.00        182          2    0.01099          0          0      0/230           5
   9   0.0010  0.75          7          0    0.00000          0          0      0/7             1
   9   0.0010  1.00          9          0    0.00000          0          0      0/9             1
   9   0.0010  1.50         10          0    0.00000          0          0      0/10            1
   9   0.0010  2.00         10          0    0.00000          0          0      0/10            1
   9   0.0030  0.75         58          1    0.01724          2          0      0/60            2
   9   0.0030  1.00         93          3    0.03226          4          0      0/98            2
   9   0.0030  1.50        119          3    0.02521          2          0      0/136           4
   9   0.0030  2.00        125          3    0.02400          2          0      0/145           4
   9   0.0050  0.75        139          4    0.02878          4          0      0/150           2
   9   0.0050  1.00        292          6    0.02055          4          0      0/332           3
   9   0.0050  1.50        397          9    0.02267          4          0      0/494           5
   9   0.0050  2.00        411          9    0.02190          4          0      0/521           5
  11   0.0010  0.75         11          0    0.00000          0          0      0/11            1
  11   0.0010  1.00         18          0    0.00000          0          0      0/18            1
  11   0.0010  1.50         19          0    0.00000          0          0      0/19            1
  11   0.0010  2.00         19          0    0.00000          0          0      0/19            1
  11   0.0030  0.75        114          1    0.00877          1          0      0/121           2
  11   0.0030  1.00        202          6    0.02970          4          0      0/219           2
  11   0.0030  1.50        274          9    0.03285          4          0      0/320           4
  11   0.0030  2.00        283          9    0.03180          4          0      0/336           5
  11   0.0050  0.75        269          1    0.00372          1          0      0/307           3
  11   0.0050  1.00        618          3    0.00485          3          0      0/749           4
  11   0.0050  1.50        822          5    0.00608          3          0      0/1101          6
  11   0.0050  2.00        849          5    0.00589          3          0      0/1161          9
  13   0.0010  0.75         18          0    0.00000          0          0      0/18            1
  13   0.0010  1.00         24          1    0.04167          0          0      0/26            2
  13   0.0010  1.50         27          1    0.03704          0          0      0/29            2
  13   0.0010  2.00         27          1    0.03704          0          0      0/29            2
  13   0.0030  0.75        199          4    0.02010          2          0      0/213           2
  13   0.0030  1.00        354          6    0.01695          3          0      0/393           3
  13   0.0030  1.50        442          6    0.01357          3          0      0/509           3
  13   0.0030  2.00        453          7    0.01545          3          0      0/528           3
  13   0.0050  0.75        457          2    0.00438          1          0      0/505           3
  13   0.0050  1.00       1044          9    0.00862          4          0      1/1244          5
  13   0.0050  1.50       1429          8    0.00560          4          0      1/1855          5
  13   0.0050  2.00       1480          8    0.00541          4          0      1/1975          7

wrote benchmarks/two_phase/results/m29_exit_artifact.csv
