
=== ball tables (T_max = 2, R = 4 edge weights) ===
   d      nodes      entries        bytes    mean|B|     max|B|      words  compile_s
   5        120        10942       281392       91.2        116        2.0       0.00
   7        336        40386      1029880      120.2        177        5.5       0.00
   9        720        97314      2486624      135.2        218        9.5       0.01
  11       1320       193018      4976756      146.2        233       14.8       0.03
  13       2184       338250      8842740      154.9        234       21.4       0.04
  15       3360       543762     14460320      161.8        234       29.2       0.05
  17       4896       820306     22253240      167.5        234       38.3       0.08
  23      12144      2183650     63729296      179.8        234       72.8       0.21
  29      24360      4573354    145786988      187.7        234      118.7       0.48

=== speedup vs M1 Phase 1 on G (2000 shots per point) ===
   d        p     T     m2_ns     m1_ns  stock_ns  speedup  spd_stk   h_nodes  h_edges      deg   isect  hbuild    mwpm blossom harvest  res_tie pair_tie
   5   0.0001  1.50       400       142        65     0.35     0.16       0.2      0.1     1.42   0.081   0.065   0.098   0.135   0.224   0.0000   0.0000
   5   0.0001  2.00       395       134        65     0.34     0.16       0.2      0.1     1.57   0.077   0.065   0.089   0.142   0.226   0.0000   0.0000
   5   0.0003  1.50       490       214       136     0.44     0.28       0.5      0.4     1.50   0.100   0.056   0.113   0.200   0.195   0.0000   0.0000
   5   0.0003  2.00       473       215       136     0.45     0.29       0.5      0.4     1.79   0.083   0.056   0.108   0.203   0.201   0.0000   0.0000
   5   0.0005  1.50       599       288       221     0.48     0.37       0.8      0.7     1.70   0.102   0.050   0.112   0.259   0.178   0.0000   0.0000
   5   0.0005  2.00       759       374       221     0.49     0.29       0.8      0.9     2.13   0.086   0.049   0.122   0.253   0.187   0.0000   0.0000
   5   0.0010  1.50       858       516       432     0.60     0.50       1.7      1.7     2.07   0.120   0.043   0.127   0.336   0.149   0.0000   0.0000
   5   0.0010  2.00       855       535       432     0.63     0.51       1.7      2.3     2.73   0.101   0.044   0.139   0.337   0.150   0.0000   0.0000
   7   0.0001  1.50       531       226       139     0.43     0.26       0.5      0.3     1.28   0.119   0.055   0.107   0.188   0.192   0.0000   0.0000
   7   0.0001  2.00       573       245       139     0.43     0.24       0.5      0.4     1.56   0.153   0.051   0.126   0.179   0.175   0.0000   0.0000
   7   0.0003  1.50       840       424       351     0.50     0.42       1.4      1.0     1.37   0.166   0.040   0.122   0.277   0.145   0.0000   0.0000
   7   0.0003  2.00       768       432       351     0.56     0.46       1.4      1.2     1.74   0.136   0.045   0.125   0.291   0.154   0.0000   0.0000
   7   0.0005  1.50      1144       670       542     0.59     0.47       2.3      1.8     1.55   0.173   0.038   0.128   0.327   0.138   0.0000   0.0000
   7   0.0005  2.00      1142       644       542     0.56     0.47       2.3      2.5     2.15   0.194   0.040   0.145   0.314   0.119   0.0000   0.0000
   7   0.0010  1.50      1910      1220      1087     0.64     0.57       4.7      4.7     2.01   0.208   0.034   0.134   0.391   0.098   0.0000   0.0000
   7   0.0010  2.00      2023      1235      1087     0.61     0.54       4.7      7.1     3.03   0.192   0.043   0.153   0.390   0.093   0.0000   0.0000
   9   0.0001  1.50       741       348       241     0.47     0.33       1.0      0.6     1.19   0.194   0.048   0.133   0.223   0.148   0.0000   0.0000
   9   0.0001  2.00       749       381       241     0.51     0.32       1.0      0.7     1.42   0.185   0.041   0.148   0.220   0.144   0.0000   0.0000
   9   0.0003  1.50      1467       829       743     0.57     0.51       3.3      2.4     1.41   0.259   0.030   0.136   0.309   0.107   0.0000   0.0000
   9   0.0003  2.00      1707       977       743     0.57     0.44       3.3      3.1     1.88   0.272   0.030   0.164   0.288   0.090   0.0000   0.0000
   9   0.0005  1.50      2249      1282      1148     0.57     0.51       5.3      4.2     1.58   0.293   0.027   0.138   0.328   0.089   0.0000   0.0000
   9   0.0005  2.00      2457      1394      1148     0.57     0.47       5.3      5.9     2.22   0.286   0.032   0.155   0.339   0.083   0.0000   0.0000
   9   0.0010  1.50      4428      2684      2372     0.61     0.54      10.6     10.8     2.05   0.328   0.028   0.140   0.364   0.073   0.0000   0.0000
   9   0.0010  2.00      4829      2755      2372     0.57     0.49      10.6     17.0     3.22   0.290   0.042   0.163   0.371   0.067   0.0000   0.0000
  11   0.0001  1.50      1186       577       434     0.49     0.37       1.9      1.1     1.18   0.310   0.028   0.150   0.211   0.115   0.0000   0.0000
  11   0.0001  2.00      1110       545       434     0.49     0.39       1.9      1.3     1.39   0.295   0.031   0.142   0.233   0.114   0.0000   0.0000
  11   0.0003  1.50      2601      1499      1302     0.58     0.50       6.1      4.2     1.39   0.359   0.027   0.131   0.302   0.083   0.0000   0.0000
  11   0.0003  2.00      3059      1741      1302     0.57     0.43       6.1      5.6     1.85   0.383   0.024   0.149   0.282   0.071   0.0000   0.0000
  11   0.0005  1.50      4315      2537      2190     0.59     0.51      10.0      8.1     1.62   0.397   0.021   0.128   0.316   0.071   0.0000   0.0000
  11   0.0005  2.00      5032      3063      2190     0.61     0.44      10.0     11.4     2.28   0.396   0.026   0.149   0.310   0.061   0.0000   0.0000
  11   0.0010  1.50     10478      6204      5166     0.59     0.49      19.9     21.6     2.17   0.457   0.024   0.122   0.299   0.059   0.0000   0.0000
  11   0.0010  2.00     10694      5917      5166     0.55     0.48      19.9     34.4     3.46   0.389   0.042   0.153   0.323   0.057   0.0000   0.0000
  13   0.0001  1.50      1723       931       864     0.54     0.50       3.3      1.9     1.14   0.389   0.023   0.128   0.238   0.091   0.0000   0.0005
  13   0.0001  2.00      1859       989       864     0.53     0.46       3.3      2.2     1.33   0.397   0.023   0.138   0.236   0.084   0.0000   0.0005
  13   0.0003  1.50      4820      2885      2487     0.60     0.52      10.0      6.9     1.38   0.466   0.017   0.121   0.274   0.063   0.0000   0.0005
  13   0.0003  2.00      5031      2965      2487     0.59     0.49      10.0      9.2     1.83   0.442   0.021   0.136   0.282   0.061   0.0000   0.0005
  13   0.0005  1.50      8380      4987      4259     0.60     0.51      16.4     13.1     1.60   0.495   0.017   0.109   0.278   0.058   0.0000   0.0005
  13   0.0005  2.00      8852      5038      4259     0.57     0.48      16.4     18.8     2.29   0.460   0.025   0.132   0.287   0.055   0.0000   0.0005
  13   0.0010  1.50     20837     11468      9161     0.55     0.44      33.3     36.7     2.21   0.534   0.022   0.108   0.260   0.049   0.0000   0.0000
  13   0.0010  2.00     21061     11021      9161     0.52     0.43      33.3     59.2     3.56   0.474   0.035   0.137   0.279   0.049   0.0000   0.0000
  15   0.0001  1.50      2798      1677      1333     0.60     0.48       5.3      3.0     1.15   0.484   0.017   0.109   0.230   0.069   0.0000   0.0000
  15   0.0001  2.00      2990      1719      1333     0.57     0.45       5.3      3.5     1.34   0.485   0.020   0.121   0.225   0.064   0.0000   0.0000
  15   0.0003  1.50      8400      5059      4253     0.60     0.51      15.6     10.7     1.36   0.546   0.013   0.098   0.245   0.055   0.0000   0.0000
  15   0.0003  2.00     10037      6311      4253     0.63     0.42      15.6     14.2     1.82   0.534   0.017   0.108   0.249   0.057   0.0000   0.0000
  15   0.0005  1.50     15756      9197      7263     0.58     0.46      26.1     21.2     1.62   0.574   0.015   0.094   0.238   0.051   0.0000   0.0000
  15   0.0005  2.00     16471      9200      7263     0.56     0.44      26.1     30.6     2.34   0.541   0.023   0.114   0.247   0.048   0.0000   0.0000
  15   0.0010  1.50     35210     18864     14578     0.54     0.41      51.5     57.1     2.22   0.586   0.020   0.094   0.235   0.044   0.0000   0.0010
  15   0.0010  2.00     39566     20743     14578     0.52     0.37      51.5     93.7     3.64   0.548   0.030   0.121   0.239   0.042   0.0000   0.0010
  17   0.0001  1.50      4713      3021      2118     0.64     0.45       7.8      4.5     1.14   0.556   0.013   0.094   0.214   0.058   0.0000   0.0000
  17   0.0001  2.00      4749      2931      2118     0.62     0.45       7.8      5.2     1.33   0.537   0.014   0.107   0.225   0.058   0.0000   0.0000
  17   0.0003  1.50     15039      9537      7975     0.63     0.53      23.1     15.9     1.37   0.592   0.012   0.085   0.227   0.054   0.0000   0.0005
  17   0.0003  2.00     15558      9745      7975     0.63     0.51      23.1     21.0     1.82   0.561   0.016   0.102   0.239   0.055   0.0000   0.0005
  17   0.0005  1.50     27696     16582     11933     0.60     0.43      39.1     32.7     1.67   0.610   0.014   0.083   0.221   0.049   0.0000   0.0005
  17   0.0005  2.00     27746     15456     11933     0.56     0.43      39.1     47.8     2.44   0.580   0.021   0.104   0.228   0.044   0.0000   0.0005
  17   0.0010  1.50     60503     32958     23742     0.54     0.39      75.9     85.9     2.26   0.619   0.018   0.086   0.214   0.046   0.0000   0.0015
  17   0.0010  2.00     65882     34762     23742     0.53     0.36      75.9    142.2     3.75   0.569   0.028   0.112   0.229   0.045   0.0000   0.0015
  23   0.0001  1.50     15899     11258      7372     0.71     0.46      19.4     11.0     1.13   0.615   0.007   0.068   0.222   0.064   0.0000   0.0005
  23   0.0001  2.00     15996     11162      7372     0.70     0.46      19.4     12.7     1.31   0.598   0.008   0.078   0.229   0.063   0.0000   0.0005
  23   0.0003  1.50     50928     34851     23097     0.68     0.45      58.0     40.5     1.40   0.608   0.009   0.068   0.231   0.067   0.0000   0.0000
  23   0.0003  2.00     54712     36591     23097     0.67     0.42      58.0     54.5     1.88   0.597   0.012   0.085   0.229   0.062   0.0000   0.0000
  23   0.0005  1.50     94151     62286     42522     0.66     0.45      97.2     81.7     1.68   0.615   0.010   0.073   0.224   0.065   0.0000   0.0005
  23   0.0005  2.00     98760     63282     42522     0.64     0.43      97.2    120.9     2.49   0.586   0.016   0.090   0.234   0.062   0.0000   0.0005
  23   0.0010  1.50    220851    135691     87890     0.61     0.40     192.8    226.5     2.35   0.607   0.013   0.077   0.231   0.062   0.0000   0.0030
  23   0.0010  2.00    243297    144375     87890     0.59     0.36     192.8    382.9     3.97   0.566   0.021   0.103   0.240   0.060   0.0000   0.0030
  29   0.0001  1.50     41875     28963     22200     0.69     0.53      39.6     22.6     1.14   0.658   0.006   0.057   0.205   0.061   0.0000   0.0000
  29   0.0001  2.00     43365     28920     22200     0.67     0.51      39.6     26.1     1.32   0.648   0.007   0.065   0.208   0.057   0.0000   0.0000
  29   0.0003  1.50    143381     92944     71970     0.65     0.50     118.9     84.0     1.41   0.652   0.007   0.062   0.209   0.060   0.0000   0.0000
  29   0.0003  2.00    139739     90201     71970     0.65     0.52     118.9    114.7     1.93   0.628   0.010   0.074   0.216   0.061   0.0000   0.0000
  29   0.0005  1.50    258216    158566    118715     0.61     0.46     196.9    167.9     1.70   0.648   0.008   0.066   0.211   0.057   0.0000   0.0025
  29   0.0005  2.00    260008    157270    118715     0.60     0.46     196.9    251.6     2.56   0.624   0.013   0.082   0.216   0.056   0.0000   0.0025
  29   0.0010  1.50    625150    336278    255102     0.54     0.41     390.5    468.5     2.40   0.599   0.010   0.088   0.244   0.050   0.0000   0.0085
  29   0.0010  2.00   1920672    933498    255102     0.49     0.13     390.5    803.5     4.11   0.538   0.027   0.106   0.266   0.052   0.0000   0.0090

=== structural counters, per shot (2000 shots per point) ===
   d        p     T    mode   h_nodes  h_edges      isect_B isect_B/def       scan_B      hit_B      other_B hbld_edges maxdeg  mwpm_init
   5   0.0001  1.50  bitset       0.2      0.1          8.6       56.8          2.4        6.1         66.4      0.20      5       0.61
   5   0.0001  2.00  bitset       0.2      0.1          9.7       64.6          2.4        7.3        110.3      0.27      5       0.68
   5   0.0003  1.50  bitset       0.5      0.4         27.2       58.4          7.5       19.8        204.8      0.64      7       1.85
   5   0.0003  2.00  bitset       0.5      0.4         31.6       67.8          7.5       24.2        343.9      0.89      7       2.17
   5   0.0005  1.50  bitset       0.8      0.7         51.4       62.1         13.3       38.2        368.2      1.18      8       3.35
   5   0.0005  2.00  bitset       0.8      0.9         60.7       73.3         13.3       47.5        615.0      1.71      9       4.06
   5   0.0010  1.50  bitset       1.7      1.7        117.0       70.0         26.7       90.3        752.1      2.69     10       7.14
   5   0.0010  2.00  bitset       1.7      2.3        139.1       83.2         26.7      112.3       1257.8      3.95     11       8.95
   7   0.0001  1.50  bitset       0.5      0.3         37.1       78.2         20.4       16.7        243.4      0.50      5       1.68
   7   0.0001  2.00  bitset       0.5      0.4         41.0       86.4         20.4       20.6        460.3      0.73      7       1.97
   7   0.0003  1.50  bitset       1.4      1.0        114.3       80.4         61.3       53.0        730.1      1.56      6       4.88
   7   0.0003  2.00  bitset       1.4      1.2        126.8       89.2         61.3       65.5       1388.6      2.29      8       5.87
   7   0.0005  1.50  bitset       2.3      1.8        200.4       86.0        102.3       98.0       1194.8      2.80      9       8.19
   7   0.0005  2.00  bitset       2.3      2.5        225.5       96.8        102.3      123.2       2275.0      4.27     11      10.35
   7   0.0010  1.50  bitset       4.7      4.7        451.6       96.6        205.2      246.4       2420.1      6.63     10      17.84
   7   0.0010  2.00  bitset       4.7      7.1        519.4      111.1        205.2      314.2       4637.7     10.59     15      24.19
   9   0.0001  1.50  bitset       1.0      0.6        109.0      105.0         76.2       32.8        577.5      0.96      6       3.35
   9   0.0001  2.00  bitset       1.0      0.7        116.0      111.8         76.2       39.9       1122.9      1.38      7       3.89
   9   0.0003  1.50  bitset       3.3      2.4        370.3      110.8        247.5      122.8       1863.3      3.39      9      10.68
   9   0.0003  2.00  bitset       3.3      3.1        399.8      119.6        247.5      152.3       3648.0      5.12     11      13.19
   9   0.0005  1.50  bitset       5.3      4.2        625.0      117.5        407.4      217.6       2982.0      5.87      9      17.45
   9   0.0005  2.00  bitset       5.3      5.9        679.2      127.7        407.4      271.8       5828.7      9.09     12      22.37
   9   0.0010  1.50  bitset      10.6     10.8       1370.1      129.7        812.5      557.7       5956.9     14.20     11      38.32
   9   0.0010  2.00  bitset      10.6     17.0       1522.7      144.2        812.5      710.2      11771.1     23.32     18      53.61
  11   0.0001  1.50  bitset       1.9      1.1        269.3      143.7        213.9       55.4       1107.1      1.59      6       5.71
  11   0.0001  2.00  bitset       1.9      1.3        280.5      149.7        213.9       66.6       2195.7      2.25      8       6.57
  11   0.0003  1.50  bitset       6.1      4.2        903.3      149.0        691.8      211.4       3570.1      5.76      7      18.24
  11   0.0003  2.00  bitset       6.1      5.6        951.5      157.0        691.8      259.7       7104.0      8.63     11      22.51
  11   0.0005  1.50  bitset      10.0      8.1       1600.7      159.6       1198.0      402.8       5985.0     10.67      9      31.66
  11   0.0005  2.00  bitset      10.0     11.4       1695.9      169.1       1198.0      497.9      11927.6     16.37     12      40.69
  11   0.0010  1.50  bitset      19.9     21.6       3454.1      173.8       2377.9     1076.1      11898.5     26.73     12      72.15
  11   0.0010  2.00  bitset      19.9     34.4       3744.2      188.4       2377.9     1366.3      23985.9     44.30     16     102.56
  13   0.0001  1.50  bitset       3.3      1.9        634.4      190.1        542.5       91.9       2054.5      2.63      7       9.51
  13   0.0001  2.00  bitset       3.3      2.2        651.6      195.3        542.5      109.1       4117.9      3.64      9      10.85
  13   0.0003  1.50  bitset      10.0      6.9       1972.0      196.8       1636.5      335.6       6189.7      9.04      8      28.95
  13   0.0003  2.00  bitset      10.0      9.2       2043.8      203.9       1636.5      407.3      12487.8     13.35     12      35.53
  13   0.0005  1.50  bitset      16.4     13.1       3468.8      211.2       2827.5      641.3      10200.7     16.72      8      50.09
  13   0.0005  2.00  bitset      16.4     18.8       3619.9      220.4       2827.5      792.4      20593.9     25.83     12      64.90
  13   0.0010  1.50  bitset      33.3     36.7       7556.6      226.9       5756.8     1799.8      20740.0     44.04     13     119.37
  13   0.0010  2.00  bitset      33.3     59.2       8037.1      241.3       5756.8     2280.3      42423.4     73.31     18     171.15
  15   0.0001  1.50  bitset       5.3      3.0       1306.1      248.4       1164.4      141.7       3320.5      4.07      7      14.41
  15   0.0001  2.00  bitset       5.3      3.5       1329.7      252.9       1164.4      165.3       6729.6      5.47      8      16.32
  15   0.0003  1.50  bitset      15.6     10.7       3977.9      254.6       3469.6      508.3       9912.2     13.63      9      43.64
  15   0.0003  2.00  bitset      15.6     14.2       4082.8      261.3       3469.6      613.2      20194.1     19.95     11      53.51
  15   0.0005  1.50  bitset      26.1     21.2       7168.6      274.2       6153.6     1014.9      16770.6     26.23     10      78.30
  15   0.0005  2.00  bitset      26.1     30.6       7399.8      283.0       6153.6     1246.2      34228.7     40.26     12     101.73
  15   0.0010  1.50  bitset      51.5     57.1      14906.0      289.6      12127.6     2778.3      33147.8     66.83     13     181.85
  15   0.0010  2.00  bitset      51.5     93.7      15658.5      304.2      12127.6     3530.8      68522.3    112.86     18     264.54
  17   0.0001  1.50  bitset       7.8      4.5       2470.4      314.9       2267.2      203.2       5124.1      5.73      7      20.76
  17   0.0001  2.00  bitset       7.8      5.2       2504.2      319.2       2267.2      237.1      10458.9      7.75      8      23.51
  17   0.0003  1.50  bitset      23.1     15.9       7383.2      319.7       6646.0      737.2      15029.6     19.70      9      63.22
  17   0.0003  2.00  bitset      23.1     21.0       7529.8      326.1       6646.0      883.7      30858.3     28.56     12      77.25
  17   0.0005  1.50  bitset      39.1     32.7      13579.0      346.9      12042.2     1536.7      25790.1     39.14     11     116.44
  17   0.0005  2.00  bitset      39.1     47.8      13930.9      355.9      12042.2     1888.7      53069.6     60.60     14     153.01
  17   0.0010  1.50  bitset      75.9     85.9      27505.0      362.2      23369.0     4136.0      50037.2     98.53     13     268.43
  17   0.0010  2.00  bitset      75.9    142.2      28619.3      376.9      23369.0     5250.3     104316.7    167.00     19     393.22
  23   0.0001  1.50  bitset      19.4     11.0      11016.2      567.9      10540.2      476.0      13286.1     13.42      7      47.94
  23   0.0001  2.00  bitset      19.4     12.7      11083.4      571.4      10540.2      543.1      27594.8     17.45      9      53.69
  23   0.0003  1.50  bitset      58.0     40.5      33373.6      575.0      31562.1     1811.4      39753.0     47.55      9     153.32
  23   0.0003  2.00  bitset      58.0     54.5      33717.0      580.9      31562.1     2154.9      82990.7     68.52     13     188.28
  23   0.0005  1.50  bitset      97.2     81.7      60663.0      623.9      56928.5     3734.5      67245.5     93.70     11     281.66
  23   0.0005  2.00  bitset      97.2    120.9      61492.2      632.4      56928.5     4563.7     140718.3    144.66     14     371.84
  23   0.0010  1.50  bitset     192.8    226.5     123606.3      641.1     112881.7    10724.7     133622.7    250.01     14     682.19
  23   0.0010  2.00  bitset     192.8    382.9     126514.8      656.2     112881.7    13633.2     283490.4    429.83     23    1018.42
  29   0.0001  1.50  bitset      39.6     22.6      35879.2      905.2      34937.1      942.0      27950.8     26.42      7      94.65
  29   0.0001  2.00  bitset      39.6     26.1      36000.3      908.3      34937.1     1063.2      58642.4     33.76      9     105.48
  29   0.0003  1.50  bitset     118.9     84.0     108440.1      912.2     104759.5     3680.6      83900.5     95.48      9     308.80
  29   0.0003  2.00  bitset     118.9    114.7     109125.0      918.0     104759.5     4365.5     177032.2    137.52     13     381.50
  29   0.0005  1.50  bitset     196.9    167.9     195264.7      991.6     187717.5     7547.1     140360.9    187.01     12     565.60
  29   0.0005  2.00  bitset     196.9    251.6     196931.0     1000.0     187717.5     9213.5     296870.7    289.83     15     752.13
  29   0.0010  1.50  bitset     390.5    468.5     394340.2     1009.8     372332.8    22007.4     278779.9    506.35     15    1383.77
  29   0.0010  2.00  bitset     390.5    803.5     400353.6     1025.2     372332.8    28020.8     597915.7    879.24     22    2091.66
element sizes (bytes): ball_target 4, ball_w_int 4, ball_words 8, ball_word_rank 4, ball_entry_by_rank 8, ball_mask_offsets 8, ball_mask_ids 4, has_bcost 1, bcost_w_int 4

=== level 3: end-to-end LER at T = 2 (10000 shots per point) ===
   d        p    ler_exact       ler_m1       ler_m2
   5   0.0001    0.000e+00    0.000e+00    0.000e+00
   5   0.0003    0.000e+00    0.000e+00    0.000e+00
   5   0.0005    1.000e-04    1.000e-04    1.000e-04
   5   0.0010    0.000e+00    0.000e+00    0.000e+00
   7   0.0001    0.000e+00    0.000e+00    0.000e+00
   7   0.0003    0.000e+00    0.000e+00    0.000e+00
   7   0.0005    0.000e+00    0.000e+00    0.000e+00
   7   0.0010    0.000e+00    0.000e+00    0.000e+00
   9   0.0001    0.000e+00    0.000e+00    0.000e+00
   9   0.0003    0.000e+00    0.000e+00    0.000e+00
   9   0.0005    0.000e+00    0.000e+00    0.000e+00
   9   0.0010    0.000e+00    0.000e+00    0.000e+00
  11   0.0001    0.000e+00    0.000e+00    0.000e+00
  11   0.0003    0.000e+00    0.000e+00    0.000e+00
  11   0.0005    0.000e+00    0.000e+00    0.000e+00
  11   0.0010    0.000e+00    0.000e+00    0.000e+00
  13   0.0001    0.000e+00    0.000e+00    0.000e+00
  13   0.0003    0.000e+00    0.000e+00    0.000e+00
  13   0.0005    0.000e+00    0.000e+00    0.000e+00
  13   0.0010    0.000e+00    0.000e+00    0.000e+00
  15   0.0001    0.000e+00    0.000e+00    0.000e+00
  15   0.0003    0.000e+00    0.000e+00    0.000e+00
  15   0.0005    0.000e+00    0.000e+00    0.000e+00
  15   0.0010    0.000e+00    0.000e+00    0.000e+00
  17   0.0001    0.000e+00    0.000e+00    0.000e+00
  17   0.0003    0.000e+00    0.000e+00    0.000e+00
  17   0.0005    0.000e+00    0.000e+00    0.000e+00
  17   0.0010    0.000e+00    0.000e+00    0.000e+00
  23   0.0001    0.000e+00    0.000e+00    0.000e+00
  23   0.0003    0.000e+00    0.000e+00    0.000e+00
  23   0.0005    0.000e+00    0.000e+00    0.000e+00
  23   0.0010    0.000e+00    0.000e+00    0.000e+00
  29   0.0001    0.000e+00    0.000e+00    0.000e+00
  29   0.0003    0.000e+00    0.000e+00    0.000e+00
  29   0.0005    0.000e+00    0.000e+00    0.000e+00
  29   0.0010    0.000e+00    0.000e+00    0.000e+00

=== level 3: slope of ln(LER) vs d (proportional to d_eff/d) ===
       p                exact                   m1                   m2
  0.0001     0.0000+-0.0000       0.0000+-0.0000       0.0000+-0.0000  
  0.0003     0.0000+-0.0000       0.0000+-0.0000       0.0000+-0.0000  
  0.0005     0.0000+-0.0000       0.0000+-0.0000       0.0000+-0.0000  
  0.0010     0.0000+-0.0000       0.0000+-0.0000       0.0000+-0.0000  

wrote benchmarks/two_phase/results/m2_structural_counters_bitset.csv
