
=== ball tables (T_max = 2, R = 4 edge weights) ===
   d      nodes      entries        bytes    mean|B|     max|B|      words  compile_s
   5        120        10942       281392       91.2        116        2.0       0.00
   7        336        40386      1029880      120.2        177        5.5       0.00
   9        720        97314      2486624      135.2        218        9.5       0.01
  11       1320       193018      4976756      146.2        233       14.8       0.02
  13       2184       338250      8842740      154.9        234       21.4       0.03
  15       3360       543762     14460320      161.8        234       29.2       0.05
  17       4896       820306     22253240      167.5        234       38.3       0.08
  23      12144      2183650     63729296      179.8        234       72.8       0.18
  29      24360      4573354    145786988      187.7        234      118.7       0.38

=== speedup vs M1 Phase 1 on G (2000 shots per point) ===
   d        p     T     m2_ns     m1_ns  stock_ns  speedup  spd_stk   h_nodes  h_edges      deg   isect  hbuild    mwpm blossom harvest  res_tie pair_tie
   5   0.0001  1.50       422       136        64     0.32     0.15       0.2      0.1     1.42   0.142   0.061   0.084   0.125   0.209   0.0000   0.0000
   5   0.0001  2.00       439       138        64     0.31     0.15       0.2      0.1     1.57   0.174   0.059   0.080   0.132   0.201   0.0000   0.0000
   5   0.0003  1.50       568       209       136     0.37     0.24       0.5      0.4     1.50   0.223   0.050   0.088   0.172   0.179   0.0000   0.0000
   5   0.0003  2.00       610       215       136     0.35     0.22       0.5      0.4     1.79   0.278   0.053   0.081   0.157   0.160   0.0000   0.0000
   5   0.0005  1.50       729       290       205     0.40     0.28       0.8      0.7     1.70   0.281   0.044   0.092   0.202   0.143   0.0000   0.0000
   5   0.0005  2.00       823       295       205     0.36     0.25       0.8      0.9     2.13   0.359   0.041   0.084   0.177   0.126   0.0000   0.0000
   5   0.0010  1.50      1144       511       417     0.45     0.36       1.7      1.7     2.07   0.343   0.036   0.097   0.251   0.109   0.0000   0.0000
   5   0.0010  2.00      1321       516       417     0.39     0.32       1.7      2.3     2.73   0.427   0.037   0.085   0.213   0.094   0.0000   0.0000
   7   0.0001  1.50       714       249       129     0.35     0.18       0.5      0.3     1.28   0.258   0.053   0.089   0.160   0.164   0.0000   0.0000
   7   0.0001  2.00       687       216       129     0.31     0.19       0.5      0.4     1.56   0.360   0.043   0.079   0.137   0.141   0.0000   0.0000
   7   0.0003  1.50      1045       426       322     0.41     0.31       1.4      1.0     1.37   0.379   0.032   0.082   0.207   0.112   0.0000   0.0000
   7   0.0003  2.00      1369       430       322     0.31     0.24       1.4      1.2     1.74   0.509   0.027   0.071   0.162   0.086   0.0000   0.0000
   7   0.0005  1.50      1513       628       509     0.41     0.34       2.3      1.8     1.55   0.424   0.029   0.086   0.231   0.090   0.0000   0.0000
   7   0.0005  2.00      2291       721       509     0.31     0.22       2.3      2.5     2.15   0.546   0.025   0.080   0.183   0.067   0.0000   0.0000
   7   0.0010  1.50      2787      1212      1056     0.43     0.38       4.7      4.7     2.01   0.455   0.027   0.095   0.266   0.069   0.0000   0.0000
   7   0.0010  2.00      3877      1242      1056     0.32     0.27       4.7      7.1     3.03   0.579   0.029   0.076   0.205   0.049   0.0000   0.0000
   9   0.0001  1.50       916       348       238     0.38     0.26       1.0      0.6     1.19   0.362   0.033   0.107   0.173   0.125   0.0000   0.0000
   9   0.0001  2.00      1174       403       238     0.34     0.20       1.0      0.7     1.42   0.492   0.027   0.091   0.140   0.092   0.0000   0.0000
   9   0.0003  1.50      1997       836       677     0.42     0.34       3.3      2.4     1.41   0.456   0.024   0.097   0.232   0.078   0.0000   0.0000
   9   0.0003  2.00      2975       877       677     0.29     0.23       3.3      3.1     1.88   0.601   0.020   0.084   0.166   0.053   0.0000   0.0000
   9   0.0005  1.50      3087      1361      1089     0.44     0.35       5.3      4.2     1.58   0.484   0.022   0.104   0.244   0.065   0.0000   0.0000
   9   0.0005  2.00      4636      1448      1089     0.31     0.24       5.3      5.9     2.22   0.621   0.020   0.086   0.174   0.043   0.0000   0.0000
   9   0.0010  1.50      5881      2686      2340     0.46     0.40      10.6     10.8     2.05   0.499   0.025   0.101   0.272   0.055   0.0000   0.0000
   9   0.0010  2.00      9210      2741      2340     0.30     0.25      10.6     17.0     3.22   0.623   0.028   0.089   0.194   0.034   0.0000   0.0000
  11   0.0001  1.50      1355       569       425     0.42     0.31       1.9      1.1     1.18   0.425   0.025   0.109   0.193   0.095   0.0000   0.0000
  11   0.0001  2.00      1947       661       425     0.34     0.22       1.9      1.3     1.39   0.577   0.019   0.090   0.140   0.068   0.0000   0.0000
  11   0.0003  1.50      3373      1566      1239     0.46     0.37       6.1      4.2     1.39   0.502   0.019   0.104   0.237   0.062   0.0000   0.0000
  11   0.0003  2.00      5190      1647      1239     0.32     0.24       6.1      5.6     1.85   0.642   0.016   0.083   0.169   0.041   0.0000   0.0000
  11   0.0005  1.50      5423      2609      2318     0.48     0.43      10.0      8.1     1.62   0.513   0.020   0.100   0.259   0.055   0.0000   0.0000
  11   0.0005  2.00      8941      2934      2318     0.33     0.26      10.0     11.4     2.28   0.655   0.019   0.083   0.177   0.034   0.0000   0.0000
  11   0.0010  1.50     11279      5554      4642     0.49     0.41      19.9     21.6     2.17   0.509   0.026   0.104   0.274   0.054   0.0000   0.0000
  11   0.0010  2.00     18364      6047      4642     0.33     0.25      19.9     34.4     3.46   0.638   0.029   0.090   0.189   0.033   0.0000   0.0000
  13   0.0001  1.50      2084      1022       837     0.49     0.40       3.3      1.9     1.14   0.481   0.020   0.111   0.205   0.075   0.0000   0.0005
  13   0.0001  2.00      3060      1098       837     0.36     0.27       3.3      2.2     1.33   0.623   0.015   0.086   0.151   0.052   0.0000   0.0005
  13   0.0003  1.50      5431      2924      2284     0.54     0.42      10.0      6.9     1.38   0.535   0.016   0.099   0.242   0.056   0.0000   0.0005
  13   0.0003  2.00      8642      3224      2284     0.37     0.26      10.0      9.2     1.83   0.666   0.014   0.077   0.172   0.037   0.0000   0.0005
  13   0.0005  1.50      8934      4869      3749     0.55     0.42      16.4     13.1     1.60   0.537   0.018   0.096   0.258   0.053   0.0000   0.0005
  13   0.0005  2.00     14765      5515      3749     0.37     0.25      16.4     18.8     2.29   0.670   0.018   0.078   0.176   0.034   0.0000   0.0005
  13   0.0010  1.50     20014     10918      8046     0.55     0.40      33.3     36.7     2.21   0.528   0.025   0.105   0.264   0.051   0.0000   0.0000
  13   0.0010  2.00     32819     12129      8046     0.37     0.25      33.3     59.2     3.56   0.648   0.031   0.090   0.183   0.031   0.0000   0.0000
  15   0.0001  1.50      3042      1699      1287     0.56     0.42       5.3      3.0     1.15   0.528   0.017   0.101   0.210   0.063   0.0000   0.0000
  15   0.0001  2.00      4626      1828      1287     0.40     0.28       5.3      3.5     1.34   0.660   0.012   0.076   0.156   0.042   0.0000   0.0000
  15   0.0003  1.50      8529      5015      3766     0.59     0.44      15.6     10.7     1.36   0.551   0.014   0.092   0.250   0.053   0.0000   0.0000
  15   0.0003  2.00     13618      5540      3766     0.41     0.28      15.6     14.2     1.82   0.680   0.014   0.073   0.171   0.035   0.0000   0.0000
  15   0.0005  1.50     14984      8789      6195     0.59     0.41      26.1     21.2     1.62   0.552   0.018   0.093   0.253   0.053   0.0000   0.0000
  15   0.0005  2.00     24310      9757      6195     0.40     0.25      26.1     30.6     2.34   0.670   0.018   0.079   0.178   0.035   0.0000   0.0000
  15   0.0010  1.50     31887     18562     13099     0.58     0.41      51.5     57.1     2.22   0.540   0.025   0.103   0.259   0.049   0.0000   0.0010
  15   0.0010  2.00     51636     19977     13099     0.39     0.25      51.5     93.7     3.64   0.654   0.029   0.088   0.182   0.031   0.0000   0.0010
  17   0.0001  1.50      4527      2845      2127     0.63     0.47       7.8      4.5     1.14   0.545   0.014   0.095   0.226   0.059   0.0000   0.0000
  17   0.0001  2.00      6886      3088      2127     0.45     0.31       7.8      5.2     1.33   0.676   0.011   0.074   0.160   0.039   0.0000   0.0000
  17   0.0003  1.50     12862      8345      6047     0.65     0.47      23.1     15.9     1.37   0.562   0.014   0.091   0.247   0.053   0.0000   0.0005
  17   0.0003  2.00     20639      9378      6047     0.45     0.29      23.1     21.0     1.82   0.677   0.014   0.076   0.175   0.037   0.0000   0.0005
  17   0.0005  1.50     23022     14690     10924     0.64     0.47      39.1     32.7     1.67   0.562   0.018   0.095   0.248   0.051   0.0000   0.0005
  17   0.0005  2.00     37099     16461     10924     0.44     0.29      39.1     47.8     2.44   0.668   0.019   0.080   0.180   0.036   0.0000   0.0005
  17   0.0010  1.50     49331     32195     21746     0.65     0.44      75.9     85.9     2.26   0.533   0.025   0.104   0.262   0.055   0.0000   0.0015
  17   0.0010  2.00     81004     36112     21746     0.45     0.27      75.9    142.2     3.75   0.632   0.029   0.090   0.195   0.041   0.0000   0.0015
  23   0.0001  1.50     12242      9978      7305     0.82     0.60      19.4     11.0     1.13   0.534   0.009   0.083   0.275   0.069   0.0000   0.0005
  23   0.0001  2.00     18109     11074      7305     0.61     0.40      19.4     12.7     1.31   0.649   0.008   0.068   0.206   0.048   0.0000   0.0005
  23   0.0003  1.50     37316     30966     22476     0.83     0.60      58.0     40.5     1.40   0.523   0.013   0.086   0.278   0.079   0.0000   0.0000
  23   0.0003  2.00     60850     37208     22476     0.61     0.37      58.0     54.5     1.88   0.621   0.012   0.075   0.219   0.059   0.0000   0.0000
  23   0.0005  1.50     73046     61894     37239     0.85     0.51      97.2     81.7     1.68   0.486   0.015   0.092   0.304   0.085   0.0000   0.0005
  23   0.0005  2.00    109991     66982     37239     0.61     0.34      97.2    120.9     2.49   0.608   0.017   0.083   0.221   0.060   0.0000   0.0005
  23   0.0010  1.50    145597    119072     80239     0.82     0.55     192.8    226.5     2.35   0.470   0.023   0.102   0.306   0.086   0.0000   0.0030
  23   0.0010  2.00    230007    133153     80239     0.58     0.35     192.8    382.9     3.97   0.570   0.028   0.096   0.238   0.060   0.0000   0.0030
  29   0.0001  1.50     28570     26315     19196     0.92     0.67      39.6     22.6     1.14   0.524   0.009   0.076   0.291   0.080   0.0000   0.0000
  29   0.0001  2.00     39159     26494     19196     0.68     0.49      39.6     26.1     1.32   0.628   0.008   0.066   0.224   0.058   0.0000   0.0000
  29   0.0003  1.50     89369     82065     60125     0.92     0.67     118.9     84.0     1.41   0.492   0.012   0.083   0.308   0.090   0.0000   0.0000
  29   0.0003  2.00    127886     85919     60125     0.67     0.47     118.9    114.7     1.93   0.603   0.013   0.075   0.234   0.064   0.0000   0.0000
  29   0.0005  1.50    157712    142831    109551     0.91     0.69     196.9    167.9     1.70   0.478   0.014   0.090   0.314   0.090   0.0000   0.0025
  29   0.0005  2.00    221227    147255    109551     0.67     0.50     196.9    251.6     2.56   0.582   0.017   0.085   0.242   0.064   0.0000   0.0025
  29   0.0010  1.50    365733    303022    243453     0.83     0.67     390.5    468.5     2.40   0.419   0.019   0.118   0.350   0.081   0.0000   0.0085
  29   0.0010  2.00    542825    314195    243453     0.58     0.45     390.5    803.5     4.11   0.507   0.026   0.122   0.279   0.055   0.0000   0.0090

=== structural counters, per shot (2000 shots per point) ===
   d        p     T    mode   h_nodes  h_edges      isect_B isect_B/def       scan_B      hit_B      other_B hbld_edges maxdeg  mwpm_init
   5   0.0001  1.50    scan       0.2      0.1         70.7      469.5         66.4        4.2          2.4      0.20      5       0.61
   5   0.0001  2.00    scan       0.2      0.1        115.7      768.9        110.3        5.4          2.4      0.27      5       0.68
   5   0.0003  1.50    scan       0.5      0.4        217.9      467.1        204.8       13.1          7.5      0.64      7       1.85
   5   0.0003  2.00    scan       0.5      0.4        361.4      774.7        343.9       17.5          7.5      0.89      7       2.17
   5   0.0005  1.50    scan       0.8      0.7        392.3      473.5        368.2       24.1         13.3      1.18      8       3.35
   5   0.0005  2.00    scan       0.8      0.9        648.4      782.6        615.0       33.4         13.3      1.71      9       4.06
   5   0.0010  1.50    scan       1.7      1.7        805.9      482.3        752.1       53.8         26.7      2.69     10       7.14
   5   0.0010  2.00    scan       1.7      2.3       1333.6      798.1       1257.8       75.8         26.7      3.95     11       8.95
   7   0.0001  1.50    scan       0.5      0.3        254.1      535.6        243.4       10.8         20.4      0.50      5       1.68
   7   0.0001  2.00    scan       0.5      0.4        475.0     1001.2        460.3       14.7         20.4      0.73      7       1.97
   7   0.0003  1.50    scan       1.4      1.0        763.3      536.8        730.1       33.2         61.3      1.56      6       4.88
   7   0.0003  2.00    scan       1.4      1.2       1434.3     1008.7       1388.6       45.7         61.3      2.29      8       5.87
   7   0.0005  1.50    scan       2.3      1.8       1252.8      537.6       1194.8       58.0        102.3      2.80      9       8.19
   7   0.0005  2.00    scan       2.3      2.5       2358.2     1011.9       2275.0       83.2        102.3      4.27     11      10.35
   7   0.0010  1.50    scan       4.7      4.7       2553.2      546.2       2420.1      133.0        205.2      6.63     10      17.84
   7   0.0010  2.00    scan       4.7      7.1       4838.5     1035.2       4637.7      200.8        205.2     10.59     15      24.19
   9   0.0001  1.50    scan       1.0      0.6        598.4      576.5        577.5       21.0         76.2      0.96      6       3.35
   9   0.0001  2.00    scan       1.0      0.7       1151.0     1108.8       1122.9       28.1         76.2      1.38      7       3.89
   9   0.0003  1.50    scan       3.3      2.4       1935.9      579.2       1863.3       72.7        247.5      3.39      9      10.68
   9   0.0003  2.00    scan       3.3      3.1       3750.1     1121.9       3648.0      102.1        247.5      5.12     11      13.19
   9   0.0005  1.50    scan       5.3      4.2       3105.1      583.6       2982.0      123.1        407.4      5.87      9      17.45
   9   0.0005  2.00    scan       5.3      5.9       6006.1     1128.8       5828.7      177.4        407.4      9.09     12      22.37
   9   0.0010  1.50    scan      10.6     10.8       6242.6      591.0       5956.9      285.7        812.5     14.20     11      38.32
   9   0.0010  2.00    scan      10.6     17.0      12209.3     1155.9      11771.1      438.2        812.5     23.32     18      53.61
  11   0.0001  1.50    scan       1.9      1.1       1141.6      609.2       1107.1       34.5        213.9      1.59      6       5.71
  11   0.0001  2.00    scan       1.9      1.3       2241.5     1196.1       2195.7       45.7        213.9      2.25      8       6.57
  11   0.0003  1.50    scan       6.1      4.2       3691.9      609.2       3570.1      121.8        691.8      5.76      7      18.24
  11   0.0003  2.00    scan       6.1      5.6       7274.0     1200.2       7104.0      170.0        691.8      8.63     11      22.51
  11   0.0005  1.50    scan      10.0      8.1       6204.7      618.6       5985.0      219.7       1198.0     10.67      9      31.66
  11   0.0005  2.00    scan      10.0     11.4      12242.5     1220.5      11927.6      314.8       1198.0     16.37     12      40.69
  11   0.0010  1.50    scan      19.9     21.6      12424.2      625.1      11898.5      525.6       2377.9     26.73     12      72.15
  11   0.0010  2.00    scan      19.9     34.4      24801.7     1247.9      23985.9      815.8       2377.9     44.30     16     102.56
  13   0.0001  1.50    scan       3.3      1.9       2110.8      632.6       2054.5       56.3        542.5      2.63      7       9.51
  13   0.0001  2.00    scan       3.3      2.2       4191.5     1256.3       4117.9       73.6        542.5      3.64      9      10.85
  13   0.0003  1.50    scan      10.0      6.9       6378.4      636.4       6189.7      188.7       1636.5      9.04      8      28.95
  13   0.0003  2.00    scan      10.0      9.2      12748.3     1271.9      12487.8      260.4       1636.5     13.35     12      35.53
  13   0.0005  1.50    scan      16.4     13.1      10540.8      641.8      10200.7      340.1       2827.5     16.72      8      50.09
  13   0.0005  2.00    scan      16.4     18.8      21085.0     1283.9      20593.9      491.1       2827.5     25.83     12      64.90
  13   0.0010  1.50    scan      33.3     36.7      21592.1      648.3      20740.0      852.1       5756.8     44.04     13     119.37
  13   0.0010  2.00    scan      33.3     59.2      43756.0     1313.8      42423.4     1332.6       5756.8     73.31     18     171.15
  15   0.0001  1.50    scan       5.3      3.0       3406.0      647.8       3320.5       85.5       1164.4      4.07      7      14.41
  15   0.0001  2.00    scan       5.3      3.5       6838.6     1300.7       6729.6      109.1       1164.4      5.47      8      16.32
  15   0.0003  1.50    scan      15.6     10.7      10193.2      652.4       9912.2      281.0       3469.6     13.63      9      43.64
  15   0.0003  2.00    scan      15.6     14.2      20580.0     1317.1      20194.1      385.9       3469.6     19.95     11      53.51
  15   0.0005  1.50    scan      26.1     21.2      17295.8      661.6      16770.6      525.3       6153.6     26.23     10      78.30
  15   0.0005  2.00    scan      26.1     30.6      34985.2     1338.2      34228.7      756.5       6153.6     40.26     12     101.73
  15   0.0010  1.50    scan      51.5     57.1      34426.5      668.8      33147.8     1278.6      12127.6     66.83     13     181.85
  15   0.0010  2.00    scan      51.5     93.7      70553.5     1370.6      68522.3     2031.2      12127.6    112.86     18     264.54
  17   0.0001  1.50    scan       7.8      4.5       5244.1      668.5       5124.1      120.0       2267.2      5.73      7      20.76
  17   0.0001  2.00    scan       7.8      5.2      10612.7     1352.8      10458.9      153.8       2267.2      7.75      8      23.51
  17   0.0003  1.50    scan      23.1     15.9      15430.4      668.2      15029.6      400.8       6646.0     19.70      9      63.22
  17   0.0003  2.00    scan      23.1     21.0      31405.6     1360.0      30858.3      547.3       6646.0     28.56     12      77.25
  17   0.0005  1.50    scan      39.1     32.7      26562.2      678.6      25790.1      772.1      12042.2     39.14     11     116.44
  17   0.0005  2.00    scan      39.1     47.8      54193.7     1384.5      53069.6     1124.0      12042.2     60.60     14     153.01
  17   0.0010  1.50    scan      75.9     85.9      51898.0      683.5      50037.2     1860.8      23369.0     98.53     13     268.43
  17   0.0010  2.00    scan      75.9    142.2     107291.8     1413.0     104316.7     2975.1      23369.0    167.00     19     393.22
  23   0.0001  1.50    scan      19.4     11.0      13558.5      699.0      13286.1      272.4      10540.2     13.42      7      47.94
  23   0.0001  2.00    scan      19.4     12.7      27934.3     1440.1      27594.8      339.5      10540.2     17.45      9      53.69
  23   0.0003  1.50    scan      58.0     40.5      40692.4      701.0      39753.0      939.3      31562.1     47.55      9     153.32
  23   0.0003  2.00    scan      58.0     54.5      84273.5     1451.9      82990.7     1282.8      31562.1     68.52     13     188.28
  23   0.0005  1.50    scan      97.2     81.7      69045.0      710.1      67245.5     1799.5      56928.5     93.70     11     281.66
  23   0.0005  2.00    scan      97.2    120.9     143347.0     1474.2     140718.3     2628.7      56928.5    144.66     14     371.84
  23   0.0010  1.50    scan     192.8    226.5     138220.4      716.9     133622.7     4597.7     112881.7    250.01     14     682.19
  23   0.0010  2.00    scan     192.8    382.9     290996.6     1509.2     283490.4     7506.2     112881.7    429.83     23    1018.42
  29   0.0001  1.50    scan      39.6     22.6      28475.7      718.4      27950.8      525.0      34937.1     26.42      7      94.65
  29   0.0001  2.00    scan      39.6     26.1      59288.6     1495.8      58642.4      646.1      34937.1     33.76      9     105.48
  29   0.0003  1.50    scan     118.9     84.0      85745.9      721.3      83900.5     1845.5     104759.5     95.48      9     308.80
  29   0.0003  2.00    scan     118.9    114.7     179562.5     1510.6     177032.2     2530.3     104759.5    137.52     13     381.50
  29   0.0005  1.50    scan     196.9    167.9     143882.9      730.7     140360.9     3522.0     187717.5    187.01     12     565.60
  29   0.0005  2.00    scan     196.9    251.6     302059.1     1533.9     296870.7     5188.4     187717.5    289.83     15     752.13
  29   0.0010  1.50    scan     390.5    468.5     287931.6      737.3     278779.9     9151.7     372332.8    506.35     15    1383.77
  29   0.0010  2.00    scan     390.5    803.5     613080.8     1569.9     597915.7    15165.1     372332.8    879.24     22    2091.66
element sizes (bytes): ball_target 4, ball_w_int 4, ball_words 8, ball_word_rank 4, ball_entry_by_rank 8, ball_mask_offsets 8, ball_mask_ids 4, has_bcost 1, bcost_w_int 4

=== level 3: end-to-end LER at T = 2 (10000 shots per point) ===
   d        p    ler_exact       ler_m1       ler_m2
   5   0.0001    0.000e+00    0.000e+00    0.000e+00
   5   0.0003    0.000e+00    0.000e+00    0.000e+00
   5   0.0005    1.000e-04    1.000e-04    1.000e-04
   5   0.0010    0.000e+00    0.000e+00    0.000e+00
   7   0.0001    0.000e+00    0.000e+00    0.000e+00
   7   0.0003    0.000e+00    0.000e+00    0.000e+00
   7   0.0005    0.000e+00    0.000e+00    0.000e+00
   7   0.0010    0.000e+00    0.000e+00    0.000e+00
   9   0.0001    0.000e+00    0.000e+00    0.000e+00
   9   0.0003    0.000e+00    0.000e+00    0.000e+00
   9   0.0005    0.000e+00    0.000e+00    0.000e+00
   9   0.0010    0.000e+00    0.000e+00    0.000e+00
  11   0.0001    0.000e+00    0.000e+00    0.000e+00
  11   0.0003    0.000e+00    0.000e+00    0.000e+00
  11   0.0005    0.000e+00    0.000e+00    0.000e+00
  11   0.0010    0.000e+00    0.000e+00    0.000e+00
  13   0.0001    0.000e+00    0.000e+00    0.000e+00
  13   0.0003    0.000e+00    0.000e+00    0.000e+00
  13   0.0005    0.000e+00    0.000e+00    0.000e+00
  13   0.0010    0.000e+00    0.000e+00    0.000e+00
  15   0.0001    0.000e+00    0.000e+00    0.000e+00
  15   0.0003    0.000e+00    0.000e+00    0.000e+00
  15   0.0005    0.000e+00    0.000e+00    0.000e+00
  15   0.0010    0.000e+00    0.000e+00    0.000e+00
  17   0.0001    0.000e+00    0.000e+00    0.000e+00
  17   0.0003    0.000e+00    0.000e+00    0.000e+00
  17   0.0005    0.000e+00    0.000e+00    0.000e+00
  17   0.0010    0.000e+00    0.000e+00    0.000e+00
  23   0.0001    0.000e+00    0.000e+00    0.000e+00
  23   0.0003    0.000e+00    0.000e+00    0.000e+00
  23   0.0005    0.000e+00    0.000e+00    0.000e+00
  23   0.0010    0.000e+00    0.000e+00    0.000e+00
  29   0.0001    0.000e+00    0.000e+00    0.000e+00
  29   0.0003    0.000e+00    0.000e+00    0.000e+00
  29   0.0005    0.000e+00    0.000e+00    0.000e+00
  29   0.0010    0.000e+00    0.000e+00    0.000e+00

=== level 3: slope of ln(LER) vs d (proportional to d_eff/d) ===
       p                exact                   m1                   m2
  0.0001     0.0000+-0.0000       0.0000+-0.0000       0.0000+-0.0000  
  0.0003     0.0000+-0.0000       0.0000+-0.0000       0.0000+-0.0000  
  0.0005     0.0000+-0.0000       0.0000+-0.0000       0.0000+-0.0000  
  0.0010     0.0000+-0.0000       0.0000+-0.0000       0.0000+-0.0000  

wrote benchmarks/two_phase/results/m2_structural_counters_scan.csv
