  d=11 rounds=11 p=0.0005 T=1.5 done (200000 shots, 257 escalated)
  d=11 rounds=11 p=0.0005 T=2 done (200000 shots, 1 escalated)
  d=11 rounds=11 p=0.001 T=1.5 done (200000 shots, 953 escalated)
  d=11 rounds=11 p=0.001 T=2 done (200000 shots, 14 escalated)
  d=13 rounds=13 p=0.0005 T=1.5 done (200000 shots, 346 escalated)
  d=13 rounds=13 p=0.0005 T=2 done (200000 shots, 0 escalated)
  d=13 rounds=13 p=0.001 T=1.5 done (200000 shots, 1466 escalated)
  d=13 rounds=13 p=0.001 T=2 done (200000 shots, 26 escalated)

=== escalation rate (always with its shot count) ===
   d  rounds        p     T      shots  escalated            q     resolution
  11      11   0.0005   1.5     200000        257    1.285e-03      5.000e-06
  11      11   0.0005     2     200000          1    5.000e-06      5.000e-06
  11      11    0.001   1.5     200000        953    4.765e-03      5.000e-06
  11      11    0.001     2     200000         14    7.000e-05      5.000e-06
  13      13   0.0005   1.5     200000        346    1.730e-03      5.000e-06
  13      13   0.0005     2     200000          0    0.000e+00      5.000e-06  <- at or below the floor
  13      13    0.001   1.5     200000       1466    7.330e-03      5.000e-06
  13      13    0.001     2     200000         26    1.300e-04      5.000e-06

=== escalation cost (ns) ===
   d        p     T    C_phase1  C_escalation  stock_on_esc  mean_stock   amortised     penalty
  11   0.0005   1.5      5379.7        9810.3        9738.9      2539.9      5392.3     0.2343%
  11   0.0005     2      8951.5       23654.0       23494.0      2889.9      8951.6     0.0013%
  11    0.001   1.5     11653.1       13839.1       13768.7      5801.7     11719.0     0.5659%
  11    0.001     2     19453.9       34762.0       34673.0      6304.0     19456.4     0.0125%
  13   0.0005   1.5      9010.4       12793.6       12708.8      5039.4      9032.5     0.2456%
  13   0.0005     2     15855.5           0.0           0.0      5921.0     15855.5     0.0000%
  13    0.001   1.5     19560.6       19665.9       19597.5     11218.7     19704.7     0.7369%
  13    0.001     2     35231.9       37027.2       36924.7     13071.9     35236.7     0.0137%

=== end-to-end latency with escalation live (ns) ===
   d        p     T       mean        p50        p99       p999      p9999        max       contam
  11   0.0005   1.5     5468.9     4969.0    14708.0    22883.0    34385.0    49964.0      0.0055%
  11   0.0005     2     9027.7     8265.0    23934.0    33112.0    45826.0    67797.0      0.0175%
  11    0.001   1.5    11799.7    11171.0    27833.0    43633.0    65153.0   130666.0      0.1240%
  11    0.001     2    19535.5    18564.0    43672.0    59001.0    79199.0   108174.0      0.1555%
  13   0.0005   1.5     9111.7     8526.0    21831.0    34304.0    53851.0    71224.0      0.0620%
  13   0.0005     2    15935.3    14928.0    37190.0    51207.0    71034.0   133221.0      0.2075%
  13    0.001   1.5    19785.0    18465.0    44624.0    67768.0    92845.0   163448.0      0.4355%
  13    0.001     2    35322.4    33423.0    75602.0   106440.0   142989.0   222590.0      0.3665%

=== streaming budget (round time 1000 ns) ===
   d        p     T   shot_budget     worst_esc     worst_any      overrun     buffer
  11   0.0005   1.5       11000.0       48101.0       49964.0      38964.0          4
  11   0.0005     2       11000.0       47620.0       67797.0      56797.0          6
  11    0.001   1.5       11000.0      112953.0      130666.0     119666.0         11
  11    0.001     2       11000.0      108174.0      108174.0      97174.0          9
  13   0.0005   1.5       13000.0       71224.0       71224.0      58224.0          5
  13   0.0005     2       13000.0           0.0      133221.0     120221.0         10
  13    0.001   1.5       13000.0      163448.0      163448.0     150448.0         12
  13    0.001     2       13000.0      132209.0      222590.0     209590.0         17

wrote benchmarks/two_phase/results/m3_exit_artifact.csv
