
=== end-to-end latency vs stock exact (20000 shots per point, scan build) ===
   d        p     T       mean        p50        p99       p999      p9999     stock   speedup     contam
   5   0.0005     2      824.2      401.0     4198.0     7664.0    11492.0     230.5     0.280    0.0000%
   5    0.001     2     1295.2      882.0     6072.0     9808.0    16160.0     429.8     0.332    0.0000%
   5    0.003     2     3459.5     2745.0    12854.0    21110.0    30999.0    1363.8     0.394    0.0200%
   5    0.005     2     6019.9     5019.0    20178.0    31940.0    46608.0    2504.7     0.416    0.0200%
   7   0.0005     2     2092.5     1652.0     8726.0    14327.0    24486.0     590.4     0.282    0.0150%
   7    0.001     2     3907.3     3327.0    13134.0    21170.0    36138.0    1178.4     0.302    0.0100%
   7    0.003     2    12470.1    11301.0    32070.0    44965.0    61496.0    4225.9     0.339    0.0600%
   7    0.005     2    23443.4    21841.0    54433.0    73799.0   111861.0    8395.0     0.358    0.2700%
   9   0.0005     2     4649.6     3957.0    15138.0    23193.0    30587.0    1300.9     0.280    0.0300%
   9    0.001     2     9296.9     8396.0    25608.0    34816.0    44083.0    2817.9     0.303    0.0350%
   9    0.003     2    32251.1    30297.0    66405.0    91632.0   131136.0   10332.3     0.320    1.0200%
   9    0.005     2    61716.0    58521.0   120888.0   165422.0   195689.0   21278.7     0.345    1.4200%
  11   0.0005     2     8761.2     7965.0    23194.0    32481.0    52909.0    2810.1     0.321    0.1450%
  11    0.001     2    18591.0    17553.0    40997.0    55975.0    71635.0    6118.4     0.329    0.3750%
  11    0.003     2    69696.2    65944.0   139182.0   202622.0   304323.0   24269.0     0.348    1.6400%
  11    0.005     2   133615.2   127149.0   252175.0   347975.0   437094.0   47901.2     0.359    2.8500%
  13   0.0005     2    15574.0    14528.0    37641.0    57398.0    74300.0    6010.7     0.386    0.2800%
  13    0.001     2    33712.8    31991.0    71195.0   104738.0   149233.0   12750.9     0.378    0.7350%
  13    0.003     2   132011.1   124967.0   252178.0   352769.0   433633.0   50100.1     0.380    2.9350%
  13    0.005     2   250156.6   236849.0   480350.0   685500.0   924964.0   95797.1     0.383    3.3800%

=== front-end comparison (stock exact vs M1 Phase 1 on G vs M2 Phase 1 on H) ===
  d=5 p=0.0005 T=2  stock=230.547ns  m1_on_G=279.016ns  m2_on_H=724.635ns  m2/m1=2.59711
  d=5 p=0.001 T=2  stock=429.824ns  m1_on_G=485.606ns  m2_on_H=1228.15ns  m2/m1=2.5291
  d=5 p=0.003 T=2  stock=1363.83ns  m1_on_G=1427.17ns  m2_on_H=3332.96ns  m2/m1=2.33535
  d=5 p=0.005 T=2  stock=2504.75ns  m1_on_G=2657.69ns  m2_on_H=6168.27ns  m2/m1=2.32091
  d=7 p=0.0005 T=2  stock=590.434ns  m1_on_G=686.831ns  m2_on_H=2165.13ns  m2/m1=3.15234
  d=7 p=0.001 T=2  stock=1178.35ns  m1_on_G=1210.59ns  m2_on_H=3736.97ns  m2/m1=3.08689
  d=7 p=0.003 T=2  stock=4225.85ns  m1_on_G=4340.44ns  m2_on_H=12575.5ns  m2/m1=2.8973
  d=7 p=0.005 T=2  stock=8395.04ns  m1_on_G=8515.45ns  m2_on_H=23357.4ns  m2/m1=2.74294
  d=9 p=0.0005 T=2  stock=1300.87ns  m1_on_G=1527.16ns  m2_on_H=4599.87ns  m2/m1=3.01203
  d=9 p=0.001 T=2  stock=2817.87ns  m1_on_G=2988.49ns  m2_on_H=9476.54ns  m2/m1=3.17102
  d=9 p=0.003 T=2  stock=10332.3ns  m1_on_G=10247ns  m2_on_H=31700ns  m2/m1=3.0936
  d=9 p=0.005 T=2  stock=21278.7ns  m1_on_G=21606.1ns  m2_on_H=61969.8ns  m2/m1=2.86816
  d=11 p=0.0005 T=2  stock=2810.08ns  m1_on_G=3106.23ns  m2_on_H=9242.31ns  m2/m1=2.97541
  d=11 p=0.001 T=2  stock=6118.41ns  m1_on_G=6872.86ns  m2_on_H=19345.4ns  m2/m1=2.81475
  d=11 p=0.003 T=2  stock=24269ns  m1_on_G=23127.6ns  m2_on_H=66731.9ns  m2/m1=2.88538
  d=11 p=0.005 T=2  stock=47901.2ns  m1_on_G=50973.3ns  m2_on_H=135631ns  m2/m1=2.66083
  d=13 p=0.0005 T=2  stock=6010.66ns  m1_on_G=6876.03ns  m2_on_H=16248.3ns  m2/m1=2.36303
  d=13 p=0.001 T=2  stock=12750.9ns  m1_on_G=13323.2ns  m2_on_H=34439.5ns  m2/m1=2.58493
  d=13 p=0.003 T=2  stock=50100.1ns  m1_on_G=48961.8ns  m2_on_H=126419ns  m2/m1=2.582
  d=13 p=0.005 T=2  stock=95797.1ns  m1_on_G=113585ns  m2_on_H=264507ns  m2/m1=2.32872

=== ball table cost and structural counters (scan build) ===
   d      nodes      entries        bytes    mean|B|     max|B|  isect_B/def   hbld_edges    mwpm_init
   5        120        11238       288704       93.7        116        849.2         33.9         69.9
   7        336        41848      1066524      124.5        182       1126.5        124.1        257.6
   9        720       101040      2582004      140.3        225       1260.2        305.9        637.3
  11       1320       200440      5172660      151.8        241       1363.0        617.3       1289.3
  13       2184       351136      9196176      160.8        242       1437.9       1087.0       2274.7

=== effective distance (20000 shots per point) ===
       p   d_points  slope_two_phase      slope_exact    agree   disagree
  0.0005          1     0.0000+-0.0000     0.0000+-0.0000 no signal          0
   0.001          2     0.0000+-0.0000     0.0000+-0.0000 no signal          0
   0.003          2     0.0000+-0.0000     0.0000+-0.0000 no signal          0
   0.005          5    -0.2421+-0.0254    -0.2421+-0.0254      yes          0

wrote benchmarks/two_phase/results/m6_exit_artifact.csv
